

hello
[01:27:02] [Server thread/INFO]: PLAYER001 has made the advancement [Who's the Pillager Now?]
[01:27:02] [Server thread/INFO]: PLAYER001 has made the advancement [Who's the Pillager Now?]
[01:27:02] [Server thread/INFO]: PLAYER002 has made the advancement [Who's the Pillager Now?]
[01:27:02] [Server thread/INFO]: PLAYER002 has made the advancement [Who's the Pillager Nowaaaaa?]
[01:27:02] [Server thread/INFO]: PLAYER002 has made the advancement [Who's the Pillager Nowaaaaa?]
